<html>
<body>
<pre>
<h1>µVision Build Log</h1>
<h2>Tool Versions:</h2>
IDE-Version: µVision V5.43.1.0
Copyright (C) 2025 ARM Ltd and ARM Germany GmbH. All rights reserved.
License Information: Phong La, hanoi university of science and technology, LIC=----
 
Tool Versions:
Toolchain:       MDK-Lite  Version: 5.43.0.0
Toolchain Path:  C:\Users\ldp01\AppData\Local\Keil_v5\ARM\ARMCLANG\Bin
C Compiler:      ArmClang.exe V6.24
Assembler:       Armasm.exe V6.24
Linker/Locator:  ArmLink.exe V6.24
Library Manager: ArmAr.exe V6.24
Hex Converter:   FromElf.exe V6.24
CPU DLL:         SARMCM3.DLL V5.43.0.0
Dialog DLL:      DARMCM1.DLL V1.19.6.0
Target DLL:      UL2CM3.DLL V1.164.16.0
Dialog DLL:      TARMCM1.DLL V1.14.6.0
 
<h2>Project:</h2>
C:\Users\ldp01\Workspace\exp4_a_value_increase_button\dong_ho.uvprojx
Project File Date:  04/11/2026

<h2>Output:</h2>
*** Using Compiler 'V6.24', folder: 'C:\Users\ldp01\AppData\Local\Keil_v5\ARM\ARMCLANG\Bin'
Rebuild target 'Target 1'
compiling WDT.c...
compiling Utility.c...
compiling KeyScan.c...
compiling PFPA.c...
compiling GPIO.c...
compiling Flash.c...
compiling main.c...
assembling startup_SN32F400.s...
compiling Segment.c...
compiling system_SN32F400.c...
linking...
Program Size: Code=2842 RO-data=242 RW-data=4 ZI-data=644  
FromELF: creating hex file...
".\Objects\exp4_a_value_increase_button.axf" - 0 Error(s), 0 Warning(s).

<h2>Software Packages used:</h2>

Package Vendor: ARM
                https://www.keil.com/pack/ARM.CMSIS.6.3.0.pack
                ARM::CMSIS@6.3.0
                CMSIS (Common Microcontroller Software Interface Standard)
   * Component: CORE Version: 6.2.0

Package Vendor: SONiX
                https://liveupdate.sonix.com.tw/sonix/develop_tool/MCU/DFP/SONiX.SN32F4_DFP.1.1.1.pack
                SONiX::SN32F4_DFP@1.1.1
                SONiX SN32F4 Series Device Support and Examples
   * Component: Startup Version: 1.0.1

<h2>Collection of Component include folders:</h2>
  ./RTE/_Target_1
  C:/Users/ldp01/AppData/Local/Arm/Packs/ARM/CMSIS/6.3.0/CMSIS/Core/Include
  C:/Users/ldp01/AppData/Local/Arm/Packs/SONiX/SN32F4_DFP/1.1.1/Device/Include

<h2>Collection of Component Files used:</h2>

   * Component: ARM::CMSIS:CORE@6.2.0

   * Component: SONiX::Device:Startup@1.0.1
      Source file:   Device/Source/ARM/startup_SN32F400.s
      Source file:   Device/Source/system_SN32F400.c
Build Time Elapsed:  00:00:01
</pre>
</body>
</html>
