Component: Arm Compiler for Embedded 6.24 Tool: armlink [5f371500]

==============================================================================

Section Cross References

    main.o(.text.main) refers to system_sn32f400.o(.text.SystemInit) for SystemInit
    main.o(.text.main) refers to system_sn32f400.o(.text.SystemCoreClockUpdate) for SystemCoreClockUpdate
    main.o(.text.main) refers to pfpa.o(.text.PFPA_Init) for PFPA_Init
    main.o(.text.main) refers to gpio.o(.text.GPIO_Init) for GPIO_Init
    main.o(.text.main) refers to wdt.o(.text.WDT_Init) for WDT_Init
    main.o(.text.main) refers to utility.o(.text.UT_DelayNx10us) for UT_DelayNx10us
    main.o(.text.main) refers to keyscan.o(.text.single_level_detect) for single_level_detect
    main.o(.text.main) refers to segment.o(.text.Digital_DisplayDEC) for Digital_DisplayDEC
    main.o(.text.main) refers to segment.o(.text.Digital_Scan) for Digital_Scan
    main.o(.text.main) refers to main.o(.bss.read_key) for read_key
    main.o(.text.main) refers to main.o(.bss.timeout_counter) for timeout_counter
    main.o(.text.main) refers to main.o(.bss.buzzer_beep_timer) for buzzer_beep_timer
    main.o(.text.main) refers to main.o(.bss.alarm_ring_timer) for alarm_ring_timer
    main.o(.text.main) refers to main.o(.bss.currentState) for currentState
    main.o(.text.main) refers to main.o(.bss.alarm_minute) for alarm_minute
    main.o(.text.main) refers to main.o(.bss.alarm_hour) for alarm_hour
    main.o(.text.main) refers to main.o(.bss.minute) for minute
    main.o(.text.main) refers to main.o(.bss.hour) for hour
    main.o(.text.main) refers to main.o(.bss.ms_tick) for ms_tick
    main.o(.text.main) refers to main.o(.bss.second) for second
    main.o(.text.main) refers to main.o(.data.blink_flag) for blink_flag
    main.o(.ARM.exidx.text.main) refers to main.o(.text.main) for [Anonymous Symbol]
    main.o(.ARM.exidx.text.NotPinOut_GPIO_init) refers to main.o(.text.NotPinOut_GPIO_init) for [Anonymous Symbol]
    main.o(.ARM.exidx.text.Buzzer_Control) refers to main.o(.text.Buzzer_Control) for [Anonymous Symbol]
    main.o(.ARM.exidx.text.LED_D6_Control) refers to main.o(.text.LED_D6_Control) for [Anonymous Symbol]
    main.o(.ARM.exidx.text.HardFault_Handler) refers to main.o(.text.HardFault_Handler) for [Anonymous Symbol]
    pfpa.o(.ARM.exidx.text.PFPA_Init) refers to pfpa.o(.text.PFPA_Init) for [Anonymous Symbol]
    gpio.o(.ARM.exidx.text.GPIO_Init) refers to gpio.o(.text.GPIO_Init) for [Anonymous Symbol]
    gpio.o(.ARM.exidx.text.P0_IRQHandler) refers to gpio.o(.text.P0_IRQHandler) for [Anonymous Symbol]
    gpio.o(.ARM.exidx.text.P1_IRQHandler) refers to gpio.o(.text.P1_IRQHandler) for [Anonymous Symbol]
    gpio.o(.ARM.exidx.text.P2_IRQHandler) refers to gpio.o(.text.P2_IRQHandler) for [Anonymous Symbol]
    gpio.o(.ARM.exidx.text.P3_IRQHandler) refers to gpio.o(.text.P3_IRQHandler) for [Anonymous Symbol]
    wdt.o(.ARM.exidx.text.WDT_IRQHandler) refers to wdt.o(.text.WDT_IRQHandler) for [Anonymous Symbol]
    wdt.o(.ARM.exidx.text.WDT_Init) refers to wdt.o(.text.WDT_Init) for [Anonymous Symbol]
    wdt.o(.ARM.exidx.text.WDT_ReloadValue) refers to wdt.o(.text.WDT_ReloadValue) for [Anonymous Symbol]
    wdt.o(.ARM.exidx.text.WDT_NvicEnable) refers to wdt.o(.text.WDT_NvicEnable) for [Anonymous Symbol]
    wdt.o(.ARM.exidx.text.WDT_NvicDisable) refers to wdt.o(.text.WDT_NvicDisable) for [Anonymous Symbol]
    utility.o(.ARM.exidx.text.UT_DelayNx10us) refers to utility.o(.text.UT_DelayNx10us) for [Anonymous Symbol]
    utility.o(.ARM.exidx.text.UT_DelayNms) refers to utility.o(.text.UT_DelayNms) for [Anonymous Symbol]
    keyscan.o(.text.KeyScan) refers to utility.o(.text.UT_DelayNx10us) for UT_DelayNx10us
    keyscan.o(.text.KeyScan) refers to keyscan.o(.data.key_check) for key_check
    keyscan.o(.text.KeyScan) refers to keyscan.o(.bss.key_debounce) for key_debounce
    keyscan.o(.text.KeyScan) refers to keyscan.o(.bss.key_cvt) for key_cvt
    keyscan.o(.ARM.exidx.text.KeyScan) refers to keyscan.o(.text.KeyScan) for [Anonymous Symbol]
    keyscan.o(.text.single_level_detect) refers to keyscan.o(.data.key_check) for key_check
    keyscan.o(.text.single_level_detect) refers to keyscan.o(.bss.key_debounce) for key_debounce
    keyscan.o(.ARM.exidx.text.single_level_detect) refers to keyscan.o(.text.single_level_detect) for [Anonymous Symbol]
    segment.o(.text.Digital_DisplayDEC) refers to segment.o(.rodata.SEGMENT_TABLE) for SEGMENT_TABLE
    segment.o(.text.Digital_DisplayDEC) refers to segment.o(.bss.segment_buff) for segment_buff
    segment.o(.ARM.exidx.text.Digital_DisplayDEC) refers to segment.o(.text.Digital_DisplayDEC) for [Anonymous Symbol]
    segment.o(.text.Digital_DisplayHEX) refers to segment.o(.rodata.SEGMENT_TABLE) for SEGMENT_TABLE
    segment.o(.text.Digital_DisplayHEX) refers to segment.o(.bss.segment_buff) for segment_buff
    segment.o(.ARM.exidx.text.Digital_DisplayHEX) refers to segment.o(.text.Digital_DisplayHEX) for [Anonymous Symbol]
    segment.o(.text.Digital_Scan) refers to segment.o(.bss.com_scan) for com_scan
    segment.o(.text.Digital_Scan) refers to segment.o(.bss.segment_buff) for segment_buff
    segment.o(.ARM.exidx.text.Digital_Scan) refers to segment.o(.text.Digital_Scan) for [Anonymous Symbol]
    startup_sn32f400.o(STACK) refers (Special) to heapauxi.o(.text) for __use_two_region_memory
    startup_sn32f400.o(HEAP) refers (Special) to heapauxi.o(.text) for __use_two_region_memory
    startup_sn32f400.o(RESET) refers (Special) to heapauxi.o(.text) for __use_two_region_memory
    startup_sn32f400.o(RESET) refers to startup_sn32f400.o(STACK) for __initial_sp
    startup_sn32f400.o(RESET) refers to startup_sn32f400.o(.text) for Reset_Handler
    startup_sn32f400.o(RESET) refers to main.o(.text.HardFault_Handler) for HardFault_Handler
    startup_sn32f400.o(RESET) refers to wdt.o(.text.WDT_IRQHandler) for WDT_IRQHandler
    startup_sn32f400.o(RESET) refers to gpio.o(.text.P3_IRQHandler) for P3_IRQHandler
    startup_sn32f400.o(RESET) refers to gpio.o(.text.P2_IRQHandler) for P2_IRQHandler
    startup_sn32f400.o(RESET) refers to gpio.o(.text.P1_IRQHandler) for P1_IRQHandler
    startup_sn32f400.o(RESET) refers to gpio.o(.text.P0_IRQHandler) for P0_IRQHandler
    startup_sn32f400.o(.ARM.__at_0x00007FFC) refers (Special) to heapauxi.o(.text) for __use_two_region_memory
    startup_sn32f400.o(.text) refers (Special) to heapauxi.o(.text) for __use_two_region_memory
    startup_sn32f400.o(.text) refers to __main.o(!!!main) for __main
    startup_sn32f400.o(.text) refers to startup_sn32f400.o(HEAP) for Heap_Mem
    startup_sn32f400.o(.text) refers to startup_sn32f400.o(STACK) for Stack_Mem
    system_sn32f400.o(.text.SystemCoreClockUpdate) refers to aeabi_sdivfast.o(.text_divfast) for __aeabi_uidiv
    system_sn32f400.o(.text.SystemCoreClockUpdate) refers to system_sn32f400.o(.bss.SystemCoreClock) for SystemCoreClock
    system_sn32f400.o(.ARM.exidx.text.SystemCoreClockUpdate) refers to system_sn32f400.o(.text.SystemCoreClockUpdate) for [Anonymous Symbol]
    system_sn32f400.o(.ARM.exidx.text.SystemInit) refers to system_sn32f400.o(.text.SystemInit) for [Anonymous Symbol]
    __main.o(!!!main) refers to __rtentry.o(.ARM.Collect$$rtentry$$00000000) for __rt_entry
    __rtentry.o(.ARM.Collect$$rtentry$$00000000) refers (Special) to __rtentry2.o(.ARM.Collect$$rtentry$$0000000A) for __rt_entry_li
    __rtentry.o(.ARM.Collect$$rtentry$$00000000) refers (Special) to __rtentry2.o(.ARM.Collect$$rtentry$$0000000D) for __rt_entry_main
    __rtentry.o(.ARM.Collect$$rtentry$$00000000) refers (Special) to __rtentry2.o(.ARM.Collect$$rtentry$$0000000C) for __rt_entry_postli_1
    __rtentry.o(.ARM.Collect$$rtentry$$00000000) refers (Special) to __rtentry2.o(.ARM.Collect$$rtentry$$00000009) for __rt_entry_postsh_1
    __rtentry.o(.ARM.Collect$$rtentry$$00000000) refers (Special) to __rtentry2.o(.ARM.Collect$$rtentry$$00000002) for __rt_entry_presh_1
    __rtentry.o(.ARM.Collect$$rtentry$$00000000) refers (Special) to __rtentry4.o(.ARM.Collect$$rtentry$$00000004) for __rt_entry_sh
    aeabi_idiv0_sigfpe.o(.text) refers to rt_div0.o(.text) for __rt_div0
    __rtentry2.o(.ARM.Collect$$rtentry$$00000008) refers to boardinit2.o(.text) for _platform_post_stackheap_init
    __rtentry2.o(.ARM.Collect$$rtentry$$0000000A) refers to libinit.o(.ARM.Collect$$libinit$$00000000) for __rt_lib_init
    __rtentry2.o(.ARM.Collect$$rtentry$$0000000B) refers to boardinit3.o(.text) for _platform_post_lib_init
    __rtentry2.o(.ARM.Collect$$rtentry$$0000000D) refers to main.o(.text.main) for main
    __rtentry2.o(.ARM.Collect$$rtentry$$0000000D) refers to exit.o(.text) for exit
    __rtentry2.o(.ARM.exidx) refers to __rtentry2.o(.ARM.Collect$$rtentry$$00000001) for .ARM.Collect$$rtentry$$00000001
    __rtentry2.o(.ARM.exidx) refers to __rtentry2.o(.ARM.Collect$$rtentry$$00000008) for .ARM.Collect$$rtentry$$00000008
    __rtentry2.o(.ARM.exidx) refers to __rtentry2.o(.ARM.Collect$$rtentry$$0000000A) for .ARM.Collect$$rtentry$$0000000A
    __rtentry2.o(.ARM.exidx) refers to __rtentry2.o(.ARM.Collect$$rtentry$$0000000B) for .ARM.Collect$$rtentry$$0000000B
    __rtentry2.o(.ARM.exidx) refers to __rtentry2.o(.ARM.Collect$$rtentry$$0000000D) for .ARM.Collect$$rtentry$$0000000D
    __rtentry4.o(.ARM.Collect$$rtentry$$00000004) refers to sys_stackheap_outer.o(.text) for __user_setup_stackheap
    __rtentry4.o(.ARM.exidx) refers to __rtentry4.o(.ARM.Collect$$rtentry$$00000004) for .ARM.Collect$$rtentry$$00000004
    rt_div0.o(.text) refers to defsig_fpe_outer.o(.text) for __rt_SIGFPE
    sys_stackheap_outer.o(.text) refers to libspace.o(.text) for __user_perproc_libspace
    sys_stackheap_outer.o(.text) refers to startup_sn32f400.o(.text) for __user_initial_stackheap
    sys_stackheap_outer.o(__vectab_stack_and_reset_area) refers to tempstk.o(.text) for __temporary_stack_top
    sys_stackheap_outer.o(__vectab_stack_and_reset_area) refers to __main.o(!!!main) for __main
    exit.o(.text) refers to rtexit.o(.ARM.Collect$$rtexit$$00000000) for __rt_exit
    defsig_fpe_outer.o(.text) refers to defsig_fpe_inner.o(.text) for __rt_SIGFPE_inner
    defsig_fpe_outer.o(.text) refers to defsig_exit.o(.text) for __sig_exit
    defsig_fpe_formal.o(.text) refers to rt_raise.o(.text) for __rt_raise
    libinit.o(.ARM.Collect$$libinit$$00000000) refers (Special) to libinit2.o(.ARM.Collect$$libinit$$00000030) for __rt_lib_init_alloca_1
    libinit.o(.ARM.Collect$$libinit$$00000000) refers (Special) to libinit2.o(.ARM.Collect$$libinit$$0000002E) for __rt_lib_init_argv_1
    libinit.o(.ARM.Collect$$libinit$$00000000) refers (Special) to libinit2.o(.ARM.Collect$$libinit$$0000001D) for __rt_lib_init_atexit_1
    libinit.o(.ARM.Collect$$libinit$$00000000) refers (Special) to libinit2.o(.ARM.Collect$$libinit$$00000023) for __rt_lib_init_clock_1
    libinit.o(.ARM.Collect$$libinit$$00000000) refers (Special) to libinit2.o(.ARM.Collect$$libinit$$00000034) for __rt_lib_init_cpp_1
    libinit.o(.ARM.Collect$$libinit$$00000000) refers (Special) to libinit2.o(.ARM.Collect$$libinit$$00000032) for __rt_lib_init_exceptions_1
    libinit.o(.ARM.Collect$$libinit$$00000000) refers (Special) to libinit2.o(.ARM.Collect$$libinit$$00000002) for __rt_lib_init_fp_1
    libinit.o(.ARM.Collect$$libinit$$00000000) refers (Special) to libinit2.o(.ARM.Collect$$libinit$$00000021) for __rt_lib_init_fp_trap_1
    libinit.o(.ARM.Collect$$libinit$$00000000) refers (Special) to libinit2.o(.ARM.Collect$$libinit$$00000025) for __rt_lib_init_getenv_1
    libinit.o(.ARM.Collect$$libinit$$00000000) refers (Special) to libinit2.o(.ARM.Collect$$libinit$$0000000C) for __rt_lib_init_heap_1
    libinit.o(.ARM.Collect$$libinit$$00000000) refers (Special) to libinit2.o(.ARM.Collect$$libinit$$00000013) for __rt_lib_init_lc_collate_1
    libinit.o(.ARM.Collect$$libinit$$00000000) refers (Special) to libinit2.o(.ARM.Collect$$libinit$$00000015) for __rt_lib_init_lc_ctype_1
    libinit.o(.ARM.Collect$$libinit$$00000000) refers (Special) to libinit2.o(.ARM.Collect$$libinit$$00000017) for __rt_lib_init_lc_monetary_1
    libinit.o(.ARM.Collect$$libinit$$00000000) refers (Special) to libinit2.o(.ARM.Collect$$libinit$$00000019) for __rt_lib_init_lc_numeric_1
    libinit.o(.ARM.Collect$$libinit$$00000000) refers (Special) to libinit2.o(.ARM.Collect$$libinit$$0000001B) for __rt_lib_init_lc_time_1
    libinit.o(.ARM.Collect$$libinit$$00000000) refers (Special) to libinit2.o(.ARM.Collect$$libinit$$00000006) for __rt_lib_init_preinit_1
    libinit.o(.ARM.Collect$$libinit$$00000000) refers (Special) to libinit2.o(.ARM.Collect$$libinit$$00000010) for __rt_lib_init_rand_1
    libinit.o(.ARM.Collect$$libinit$$00000000) refers (Special) to libinit2.o(.ARM.Collect$$libinit$$00000004) for __rt_lib_init_relocate_pie_1
    libinit.o(.ARM.Collect$$libinit$$00000000) refers (Special) to libinit2.o(.ARM.Collect$$libinit$$00000035) for __rt_lib_init_return
    libinit.o(.ARM.Collect$$libinit$$00000000) refers (Special) to libinit2.o(.ARM.Collect$$libinit$$0000001F) for __rt_lib_init_signal_1
    libinit.o(.ARM.Collect$$libinit$$00000000) refers (Special) to libinit2.o(.ARM.Collect$$libinit$$00000027) for __rt_lib_init_stdio_1
    libinit.o(.ARM.Collect$$libinit$$00000000) refers (Special) to libinit2.o(.ARM.Collect$$libinit$$0000000E) for __rt_lib_init_user_alloc_1
    libspace.o(.text) refers to libspace.o(.bss) for __libspace_start
    rtexit.o(.ARM.Collect$$rtexit$$00000000) refers (Special) to rtexit2.o(.ARM.Collect$$rtexit$$00000004) for __rt_exit_exit
    rtexit.o(.ARM.Collect$$rtexit$$00000000) refers (Special) to rtexit2.o(.ARM.Collect$$rtexit$$00000003) for __rt_exit_ls
    rtexit.o(.ARM.Collect$$rtexit$$00000000) refers (Special) to rtexit2.o(.ARM.Collect$$rtexit$$00000002) for __rt_exit_prels_1
    rtexit.o(.ARM.exidx) refers (Special) to rtexit2.o(.ARM.Collect$$rtexit$$00000004) for __rt_exit_exit
    rtexit.o(.ARM.exidx) refers (Special) to rtexit2.o(.ARM.Collect$$rtexit$$00000003) for __rt_exit_ls
    rtexit.o(.ARM.exidx) refers (Special) to rtexit2.o(.ARM.Collect$$rtexit$$00000002) for __rt_exit_prels_1
    rtexit.o(.ARM.exidx) refers to rtexit.o(.ARM.Collect$$rtexit$$00000000) for .ARM.Collect$$rtexit$$00000000
    rt_raise.o(.text) refers to __raise.o(.text) for __raise
    rt_raise.o(.text) refers to sys_exit.o(.text) for _sys_exit
    defsig_exit.o(.text) refers to sys_exit.o(.text) for _sys_exit
    defsig_fpe_inner.o(.text) refers to defsig_general.o(.text) for __default_signal_display
    libinit2.o(.ARM.Collect$$libinit$$00000012) refers to libinit2.o(.ARM.Collect$$libinit$$00000011) for .ARM.Collect$$libinit$$00000011
    libinit2.o(.ARM.Collect$$libinit$$00000014) refers to libinit2.o(.ARM.Collect$$libinit$$00000011) for .ARM.Collect$$libinit$$00000011
    libinit2.o(.ARM.Collect$$libinit$$00000016) refers to libinit2.o(.ARM.Collect$$libinit$$00000011) for .ARM.Collect$$libinit$$00000011
    libinit2.o(.ARM.Collect$$libinit$$00000018) refers to libinit2.o(.ARM.Collect$$libinit$$00000011) for .ARM.Collect$$libinit$$00000011
    libinit2.o(.ARM.Collect$$libinit$$0000001A) refers to libinit2.o(.ARM.Collect$$libinit$$00000011) for .ARM.Collect$$libinit$$00000011
    libinit2.o(.ARM.Collect$$libinit$$00000028) refers to argv_veneer.o(.text) for __ARM_argv_veneer
    libinit2.o(.ARM.Collect$$libinit$$00000029) refers to argv_veneer.o(.text) for __ARM_argv_veneer
    sys_exit.o(.text) refers (Special) to use_no_semi.o(.text) for __I$use$semihosting
    sys_exit.o(.text) refers (Special) to indicate_semi.o(.text) for __semihosting_library_function
    sys_exit_hlt.o(.text) refers (Special) to use_no_semi.o(.text) for __I$use$semihosting
    sys_exit_hlt.o(.text) refers (Special) to indicate_semi.o(.text) for __semihosting_library_function
    rtexit2.o(.ARM.Collect$$rtexit$$00000003) refers to libshutdown.o(.ARM.Collect$$libshutdown$$00000000) for __rt_lib_shutdown
    rtexit2.o(.ARM.Collect$$rtexit$$00000004) refers to sys_exit.o(.text) for _sys_exit
    rtexit2.o(.ARM.exidx) refers to rtexit2.o(.ARM.Collect$$rtexit$$00000001) for .ARM.Collect$$rtexit$$00000001
    rtexit2.o(.ARM.exidx) refers to rtexit2.o(.ARM.Collect$$rtexit$$00000003) for .ARM.Collect$$rtexit$$00000003
    rtexit2.o(.ARM.exidx) refers to rtexit2.o(.ARM.Collect$$rtexit$$00000004) for .ARM.Collect$$rtexit$$00000004
    __raise.o(.text) refers to defsig.o(CL$$defsig) for __default_signal_handler
    defsig_general.o(.text) refers to sys_wrch.o(.text) for _ttywrch
    sys_wrch.o(.text) refers (Special) to use_no_semi.o(.text) for __I$use$semihosting
    sys_wrch.o(.text) refers (Special) to indicate_semi.o(.text) for __semihosting_library_function
    sys_wrch_hlt.o(.text) refers (Special) to use_no_semi.o(.text) for __I$use$semihosting
    sys_wrch_hlt.o(.text) refers (Special) to indicate_semi.o(.text) for __semihosting_library_function
    defsig.o(CL$$defsig) refers to defsig_fpe_inner.o(.text) for __rt_SIGFPE_inner
    defsig.o(CL$$defsig) refers to defsig_rtmem_inner.o(.text) for __rt_SIGRTMEM_inner
    _get_argv_nomalloc.o(.text) refers (Special) to hrguard.o(.text) for __heap_region$guard
    _get_argv_nomalloc.o(.text) refers to defsig_rtmem_outer.o(.text) for __rt_SIGRTMEM
    _get_argv_nomalloc.o(.text) refers to sys_command.o(.text) for _sys_command_string
    libshutdown.o(.ARM.Collect$$libshutdown$$00000000) refers (Special) to libshutdown2.o(.ARM.Collect$$libshutdown$$00000002) for __rt_lib_shutdown_cpp_1
    libshutdown.o(.ARM.Collect$$libshutdown$$00000000) refers (Special) to libshutdown2.o(.ARM.Collect$$libshutdown$$00000007) for __rt_lib_shutdown_fp_trap_1
    libshutdown.o(.ARM.Collect$$libshutdown$$00000000) refers (Special) to libshutdown2.o(.ARM.Collect$$libshutdown$$0000000F) for __rt_lib_shutdown_heap_1
    libshutdown.o(.ARM.Collect$$libshutdown$$00000000) refers (Special) to libshutdown2.o(.ARM.Collect$$libshutdown$$00000010) for __rt_lib_shutdown_return
    libshutdown.o(.ARM.Collect$$libshutdown$$00000000) refers (Special) to libshutdown2.o(.ARM.Collect$$libshutdown$$0000000A) for __rt_lib_shutdown_signal_1
    libshutdown.o(.ARM.Collect$$libshutdown$$00000000) refers (Special) to libshutdown2.o(.ARM.Collect$$libshutdown$$00000004) for __rt_lib_shutdown_stdio_1
    libshutdown.o(.ARM.Collect$$libshutdown$$00000000) refers (Special) to libshutdown2.o(.ARM.Collect$$libshutdown$$0000000C) for __rt_lib_shutdown_user_alloc_1
    sys_command.o(.text) refers (Special) to use_no_semi.o(.text) for __I$use$semihosting
    sys_command.o(.text) refers (Special) to indicate_semi.o(.text) for __semihosting_library_function
    sys_command_hlt.o(.text) refers (Special) to use_no_semi.o(.text) for __I$use$semihosting
    sys_command_hlt.o(.text) refers (Special) to indicate_semi.o(.text) for __semihosting_library_function
    defsig_abrt_inner.o(.text) refers to defsig_general.o(.text) for __default_signal_display
    defsig_rtred_inner.o(.text) refers to defsig_general.o(.text) for __default_signal_display
    defsig_rtmem_inner.o(.text) refers to defsig_general.o(.text) for __default_signal_display
    defsig_rtmem_outer.o(.text) refers to defsig_rtmem_inner.o(.text) for __rt_SIGRTMEM_inner
    defsig_rtmem_outer.o(.text) refers to defsig_exit.o(.text) for __sig_exit
    defsig_rtmem_formal.o(.text) refers to rt_raise.o(.text) for __rt_raise
    defsig_stak_inner.o(.text) refers to defsig_general.o(.text) for __default_signal_display
    defsig_pvfn_inner.o(.text) refers to defsig_general.o(.text) for __default_signal_display
    defsig_cppl_inner.o(.text) refers to defsig_general.o(.text) for __default_signal_display
    defsig_segv_inner.o(.text) refers to defsig_general.o(.text) for __default_signal_display
    defsig_other.o(.text) refers to defsig_general.o(.text) for __default_signal_display


==============================================================================

Removing Unused input sections from the image.

    Removing main.o(.text), (0 bytes).
    Removing main.o(.ARM.exidx.text.main), (8 bytes).
    Removing main.o(.text.NotPinOut_GPIO_init), (2 bytes).
    Removing main.o(.ARM.exidx.text.NotPinOut_GPIO_init), (8 bytes).
    Removing main.o(.text.Buzzer_Control), (2 bytes).
    Removing main.o(.ARM.exidx.text.Buzzer_Control), (8 bytes).
    Removing main.o(.text.LED_D6_Control), (2 bytes).
    Removing main.o(.ARM.exidx.text.LED_D6_Control), (8 bytes).
    Removing main.o(.ARM.exidx.text.HardFault_Handler), (8 bytes).
    Removing main.o(.ARM.use_no_argv), (4 bytes).
    Removing pfpa.o(.text), (0 bytes).
    Removing pfpa.o(.ARM.exidx.text.PFPA_Init), (8 bytes).
    Removing gpio.o(.text), (0 bytes).
    Removing gpio.o(.ARM.exidx.text.GPIO_Init), (8 bytes).
    Removing gpio.o(.ARM.exidx.text.P0_IRQHandler), (8 bytes).
    Removing gpio.o(.ARM.exidx.text.P1_IRQHandler), (8 bytes).
    Removing gpio.o(.ARM.exidx.text.P2_IRQHandler), (8 bytes).
    Removing gpio.o(.ARM.exidx.text.P3_IRQHandler), (8 bytes).
    Removing wdt.o(.text), (0 bytes).
    Removing wdt.o(.ARM.exidx.text.WDT_IRQHandler), (8 bytes).
    Removing wdt.o(.ARM.exidx.text.WDT_Init), (8 bytes).
    Removing wdt.o(.text.WDT_ReloadValue), (28 bytes).
    Removing wdt.o(.ARM.exidx.text.WDT_ReloadValue), (8 bytes).
    Removing wdt.o(.text.WDT_NvicEnable), (40 bytes).
    Removing wdt.o(.ARM.exidx.text.WDT_NvicEnable), (8 bytes).
    Removing wdt.o(.text.WDT_NvicDisable), (24 bytes).
    Removing wdt.o(.ARM.exidx.text.WDT_NvicDisable), (8 bytes).
    Removing utility.o(.text), (0 bytes).
    Removing utility.o(.ARM.exidx.text.UT_DelayNx10us), (8 bytes).
    Removing utility.o(.text.UT_DelayNms), (48 bytes).
    Removing utility.o(.ARM.exidx.text.UT_DelayNms), (8 bytes).
    Removing keyscan.o(.text), (0 bytes).
    Removing keyscan.o(.text.KeyScan), (184 bytes).
    Removing keyscan.o(.ARM.exidx.text.KeyScan), (8 bytes).
    Removing keyscan.o(.ARM.exidx.text.single_level_detect), (8 bytes).
    Removing keyscan.o(.bss.key_cvt), (1 bytes).
    Removing segment.o(.text), (0 bytes).
    Removing segment.o(.ARM.exidx.text.Digital_DisplayDEC), (8 bytes).
    Removing segment.o(.text.Digital_DisplayHEX), (44 bytes).
    Removing segment.o(.ARM.exidx.text.Digital_DisplayHEX), (8 bytes).
    Removing segment.o(.ARM.exidx.text.Digital_Scan), (8 bytes).
    Removing system_sn32f400.o(.text), (0 bytes).
    Removing system_sn32f400.o(.ARM.exidx.text.SystemCoreClockUpdate), (8 bytes).
    Removing system_sn32f400.o(.ARM.exidx.text.SystemInit), (8 bytes).

44 unused section(s) (total 579 bytes) removed from the image.

==============================================================================

Image Symbol Table

    Local Symbols

    Symbol Name                              Value     Ov Type        Size  Object(Section)

    ../clib/angel/boardlib.s                 0x00000000   Number         0  boardinit1.o ABSOLUTE
    ../clib/angel/boardlib.s                 0x00000000   Number         0  boardinit2.o ABSOLUTE
    ../clib/angel/boardlib.s                 0x00000000   Number         0  boardinit3.o ABSOLUTE
    ../clib/angel/boardlib.s                 0x00000000   Number         0  boardshut.o ABSOLUTE
    ../clib/angel/handlers.s                 0x00000000   Number         0  __scatter_copy.o ABSOLUTE
    ../clib/angel/handlers.s                 0x00000000   Number         0  __scatter_zi.o ABSOLUTE
    ../clib/angel/kernel.s                   0x00000000   Number         0  __rtentry.o ABSOLUTE
    ../clib/angel/kernel.s                   0x00000000   Number         0  __rtentry2.o ABSOLUTE
    ../clib/angel/kernel.s                   0x00000000   Number         0  __rtentry4.o ABSOLUTE
    ../clib/angel/kernel.s                   0x00000000   Number         0  rtexit.o ABSOLUTE
    ../clib/angel/kernel.s                   0x00000000   Number         0  rtexit2.o ABSOLUTE
    ../clib/angel/rt.s                       0x00000000   Number         0  aeabi_idiv0.o ABSOLUTE
    ../clib/angel/rt.s                       0x00000000   Number         0  aeabi_idiv0_sigfpe.o ABSOLUTE
    ../clib/angel/rt.s                       0x00000000   Number         0  rt_div0.o ABSOLUTE
    ../clib/angel/rt.s                       0x00000000   Number         0  rt_raise.o ABSOLUTE
    ../clib/angel/scatterp.s                 0x00000000   Number         0  __scatter.o ABSOLUTE
    ../clib/angel/startup.s                  0x00000000   Number         0  __main.o ABSOLUTE
    ../clib/angel/sys.s                      0x00000000   Number         0  sys_stackheap_outer.o ABSOLUTE
    ../clib/angel/sys.s                      0x00000000   Number         0  libspace.o ABSOLUTE
    ../clib/angel/sys.s                      0x00000000   Number         0  tempstk.o ABSOLUTE
    ../clib/angel/sys.s                      0x00000000   Number         0  use_no_semi.o ABSOLUTE
    ../clib/angel/sys.s                      0x00000000   Number         0  indicate_semi.o ABSOLUTE
    ../clib/angel/sysapp.c                   0x00000000   Number         0  sys_exit.o ABSOLUTE
    ../clib/angel/sysapp.c                   0x00000000   Number         0  sys_exit_hlt.o ABSOLUTE
    ../clib/angel/sysapp.c                   0x00000000   Number         0  sys_wrch.o ABSOLUTE
    ../clib/angel/sysapp.c                   0x00000000   Number         0  sys_wrch_hlt.o ABSOLUTE
    ../clib/angel/sysapp.c                   0x00000000   Number         0  sys_command.o ABSOLUTE
    ../clib/angel/sysapp.c                   0x00000000   Number         0  sys_command_hlt.o ABSOLUTE
    ../clib/armsys.c                         0x00000000   Number         0  argv_veneer.o ABSOLUTE
    ../clib/armsys.c                         0x00000000   Number         0  _get_argv_nomalloc.o ABSOLUTE
    ../clib/armsys.c                         0x00000000   Number         0  no_argv.o ABSOLUTE
    ../clib/division.s                       0x00000000   Number         0  aeabi_sdivfast.o ABSOLUTE
    ../clib/division.s                       0x00000000   Number         0  aeabi_sdivfast_div0.o ABSOLUTE
    ../clib/heapalloc.c                      0x00000000   Number         0  hrguard.o ABSOLUTE
    ../clib/heapaux.c                        0x00000000   Number         0  heapauxi.o ABSOLUTE
    ../clib/libinit.s                        0x00000000   Number         0  libinit.o ABSOLUTE
    ../clib/libinit.s                        0x00000000   Number         0  libinit2.o ABSOLUTE
    ../clib/libinit.s                        0x00000000   Number         0  libshutdown.o ABSOLUTE
    ../clib/libinit.s                        0x00000000   Number         0  libshutdown2.o ABSOLUTE
    ../clib/signal.c                         0x00000000   Number         0  defsig_fpe_outer.o ABSOLUTE
    ../clib/signal.c                         0x00000000   Number         0  defsig_fpe_formal.o ABSOLUTE
    ../clib/signal.c                         0x00000000   Number         0  defsig_exit.o ABSOLUTE
    ../clib/signal.c                         0x00000000   Number         0  defsig_fpe_inner.o ABSOLUTE
    ../clib/signal.c                         0x00000000   Number         0  __raise.o ABSOLUTE
    ../clib/signal.c                         0x00000000   Number         0  defsig_general.o ABSOLUTE
    ../clib/signal.c                         0x00000000   Number         0  defsig_abrt_inner.o ABSOLUTE
    ../clib/signal.c                         0x00000000   Number         0  defsig_rtred_inner.o ABSOLUTE
    ../clib/signal.c                         0x00000000   Number         0  defsig_rtmem_inner.o ABSOLUTE
    ../clib/signal.c                         0x00000000   Number         0  defsig_rtmem_outer.o ABSOLUTE
    ../clib/signal.c                         0x00000000   Number         0  defsig_rtmem_formal.o ABSOLUTE
    ../clib/signal.c                         0x00000000   Number         0  defsig_stak_inner.o ABSOLUTE
    ../clib/signal.c                         0x00000000   Number         0  defsig_pvfn_inner.o ABSOLUTE
    ../clib/signal.c                         0x00000000   Number         0  defsig_cppl_inner.o ABSOLUTE
    ../clib/signal.c                         0x00000000   Number         0  defsig_segv_inner.o ABSOLUTE
    ../clib/signal.c                         0x00000000   Number         0  defsig_other.o ABSOLUTE
    ../clib/signal.s                         0x00000000   Number         0  defsig.o ABSOLUTE
    ../clib/stdlib.c                         0x00000000   Number         0  exit.o ABSOLUTE
    ../fplib/cfplib/fpinit.c                 0x00000000   Number         0  fpinit.o ABSOLUTE
    GPIO.c                                   0x00000000   Number         0  gpio.o ABSOLUTE
    KeyScan.c                                0x00000000   Number         0  keyscan.o ABSOLUTE
    PFPA.c                                   0x00000000   Number         0  pfpa.o ABSOLUTE
    RTE/Device/SN32F407F/startup_SN32F400.s  0x00000000   Number         0  startup_sn32f400.o ABSOLUTE
    Segment.c                                0x00000000   Number         0  segment.o ABSOLUTE
    Utility.c                                0x00000000   Number         0  utility.o ABSOLUTE
    WDT.c                                    0x00000000   Number         0  wdt.o ABSOLUTE
    dc.s                                     0x00000000   Number         0  dc.o ABSOLUTE
    main.c                                   0x00000000   Number         0  main.o ABSOLUTE
    system_SN32F400.c                        0x00000000   Number         0  system_sn32f400.o ABSOLUTE
    RESET                                    0x00000000   Section      192  startup_sn32f400.o(RESET)
    !!!main                                  0x000000c0   Section        8  __main.o(!!!main)
    !!!scatter                               0x000000c8   Section       84  __scatter.o(!!!scatter)
    !!handler_copy                           0x0000011c   Section       26  __scatter_copy.o(!!handler_copy)
    !!handler_null                           0x00000138   Section        2  __scatter.o(!!handler_null)
    !!handler_zi                             0x0000013c   Section       28  __scatter_zi.o(!!handler_zi)
    .ARM.Collect$$libinit$$00000000          0x00000158   Section        2  libinit.o(.ARM.Collect$$libinit$$00000000)
    .ARM.Collect$$libinit$$00000002          0x0000015a   Section        0  libinit2.o(.ARM.Collect$$libinit$$00000002)
    .ARM.Collect$$libinit$$00000004          0x0000015a   Section        0  libinit2.o(.ARM.Collect$$libinit$$00000004)
    .ARM.Collect$$libinit$$00000006          0x0000015a   Section        0  libinit2.o(.ARM.Collect$$libinit$$00000006)
    .ARM.Collect$$libinit$$0000000C          0x0000015a   Section        0  libinit2.o(.ARM.Collect$$libinit$$0000000C)
    .ARM.Collect$$libinit$$0000000E          0x0000015a   Section        0  libinit2.o(.ARM.Collect$$libinit$$0000000E)
    .ARM.Collect$$libinit$$00000010          0x0000015a   Section        0  libinit2.o(.ARM.Collect$$libinit$$00000010)
    .ARM.Collect$$libinit$$00000013          0x0000015a   Section        0  libinit2.o(.ARM.Collect$$libinit$$00000013)
    .ARM.Collect$$libinit$$00000015          0x0000015a   Section        0  libinit2.o(.ARM.Collect$$libinit$$00000015)
    .ARM.Collect$$libinit$$00000017          0x0000015a   Section        0  libinit2.o(.ARM.Collect$$libinit$$00000017)
    .ARM.Collect$$libinit$$00000019          0x0000015a   Section        0  libinit2.o(.ARM.Collect$$libinit$$00000019)
    .ARM.Collect$$libinit$$0000001B          0x0000015a   Section        0  libinit2.o(.ARM.Collect$$libinit$$0000001B)
    .ARM.Collect$$libinit$$0000001D          0x0000015a   Section        0  libinit2.o(.ARM.Collect$$libinit$$0000001D)
    .ARM.Collect$$libinit$$0000001F          0x0000015a   Section        0  libinit2.o(.ARM.Collect$$libinit$$0000001F)
    .ARM.Collect$$libinit$$00000021          0x0000015a   Section        0  libinit2.o(.ARM.Collect$$libinit$$00000021)
    .ARM.Collect$$libinit$$00000023          0x0000015a   Section        0  libinit2.o(.ARM.Collect$$libinit$$00000023)
    .ARM.Collect$$libinit$$00000025          0x0000015a   Section        0  libinit2.o(.ARM.Collect$$libinit$$00000025)
    .ARM.Collect$$libinit$$00000027          0x0000015a   Section        0  libinit2.o(.ARM.Collect$$libinit$$00000027)
    .ARM.Collect$$libinit$$0000002E          0x0000015a   Section        0  libinit2.o(.ARM.Collect$$libinit$$0000002E)
    .ARM.Collect$$libinit$$00000030          0x0000015a   Section        0  libinit2.o(.ARM.Collect$$libinit$$00000030)
    .ARM.Collect$$libinit$$00000032          0x0000015a   Section        0  libinit2.o(.ARM.Collect$$libinit$$00000032)
    .ARM.Collect$$libinit$$00000034          0x0000015a   Section        0  libinit2.o(.ARM.Collect$$libinit$$00000034)
    .ARM.Collect$$libinit$$00000035          0x0000015a   Section        2  libinit2.o(.ARM.Collect$$libinit$$00000035)
    .ARM.Collect$$libshutdown$$00000000      0x0000015c   Section        2  libshutdown.o(.ARM.Collect$$libshutdown$$00000000)
    .ARM.Collect$$libshutdown$$00000002      0x0000015e   Section        0  libshutdown2.o(.ARM.Collect$$libshutdown$$00000002)
    .ARM.Collect$$libshutdown$$00000004      0x0000015e   Section        0  libshutdown2.o(.ARM.Collect$$libshutdown$$00000004)
    .ARM.Collect$$libshutdown$$00000007      0x0000015e   Section        0  libshutdown2.o(.ARM.Collect$$libshutdown$$00000007)
    .ARM.Collect$$libshutdown$$0000000A      0x0000015e   Section        0  libshutdown2.o(.ARM.Collect$$libshutdown$$0000000A)
    .ARM.Collect$$libshutdown$$0000000C      0x0000015e   Section        0  libshutdown2.o(.ARM.Collect$$libshutdown$$0000000C)
    .ARM.Collect$$libshutdown$$0000000F      0x0000015e   Section        0  libshutdown2.o(.ARM.Collect$$libshutdown$$0000000F)
    .ARM.Collect$$libshutdown$$00000010      0x0000015e   Section        2  libshutdown2.o(.ARM.Collect$$libshutdown$$00000010)
    .ARM.Collect$$rtentry$$00000000          0x00000160   Section        0  __rtentry.o(.ARM.Collect$$rtentry$$00000000)
    .ARM.Collect$$rtentry$$00000002          0x00000160   Section        0  __rtentry2.o(.ARM.Collect$$rtentry$$00000002)
    .ARM.Collect$$rtentry$$00000004          0x00000160   Section        6  __rtentry4.o(.ARM.Collect$$rtentry$$00000004)
    .ARM.Collect$$rtentry$$00000009          0x00000166   Section        0  __rtentry2.o(.ARM.Collect$$rtentry$$00000009)
    .ARM.Collect$$rtentry$$0000000A          0x00000166   Section        4  __rtentry2.o(.ARM.Collect$$rtentry$$0000000A)
    .ARM.Collect$$rtentry$$0000000C          0x0000016a   Section        0  __rtentry2.o(.ARM.Collect$$rtentry$$0000000C)
    .ARM.Collect$$rtentry$$0000000D          0x0000016a   Section        8  __rtentry2.o(.ARM.Collect$$rtentry$$0000000D)
    .ARM.Collect$$rtexit$$00000000           0x00000172   Section        2  rtexit.o(.ARM.Collect$$rtexit$$00000000)
    .ARM.Collect$$rtexit$$00000002           0x00000174   Section        0  rtexit2.o(.ARM.Collect$$rtexit$$00000002)
    .ARM.Collect$$rtexit$$00000003           0x00000174   Section        4  rtexit2.o(.ARM.Collect$$rtexit$$00000003)
    .ARM.Collect$$rtexit$$00000004           0x00000178   Section        6  rtexit2.o(.ARM.Collect$$rtexit$$00000004)
    .text                                    0x00000180   Section       44  startup_sn32f400.o(.text)
    .text                                    0x000001ac   Section        0  heapauxi.o(.text)
    .text                                    0x000001b2   Section       62  sys_stackheap_outer.o(.text)
    .text                                    0x000001f0   Section        0  exit.o(.text)
    .text                                    0x00000200   Section        8  libspace.o(.text)
    .text                                    0x00000208   Section        0  sys_exit.o(.text)
    .text                                    0x00000214   Section        2  use_no_semi.o(.text)
    .text                                    0x00000216   Section        0  indicate_semi.o(.text)
    [Anonymous Symbol]                       0x00000218   Section        0  segment.o(.text.Digital_DisplayDEC)
    __arm_cp.0_0                             0x00000294   Number         4  segment.o(.text.Digital_DisplayDEC)
    __arm_cp.0_1                             0x00000298   Number         4  segment.o(.text.Digital_DisplayDEC)
    __arm_cp.0_2                             0x0000029c   Number         4  segment.o(.text.Digital_DisplayDEC)
    __arm_cp.0_4                             0x000002a0   Number         4  segment.o(.text.Digital_DisplayDEC)
    __arm_cp.0_5                             0x000002a4   Number         4  segment.o(.text.Digital_DisplayDEC)
    __arm_cp.0_6                             0x000002a8   Number         4  segment.o(.text.Digital_DisplayDEC)
    __arm_cp.0_7                             0x000002ac   Number         4  segment.o(.text.Digital_DisplayDEC)
    [Anonymous Symbol]                       0x000002b0   Section        0  segment.o(.text.Digital_Scan)
    __arm_cp.2_0                             0x000002e4   Number         4  segment.o(.text.Digital_Scan)
    __arm_cp.2_1                             0x000002e8   Number         4  segment.o(.text.Digital_Scan)
    __arm_cp.2_2                             0x000002ec   Number         4  segment.o(.text.Digital_Scan)
    __arm_cp.2_4                             0x00000300   Number         4  segment.o(.text.Digital_Scan)
    [Anonymous Symbol]                       0x00000304   Section        0  gpio.o(.text.GPIO_Init)
    __arm_cp.0_0                             0x0000033c   Number         4  gpio.o(.text.GPIO_Init)
    __arm_cp.0_1                             0x00000340   Number         4  gpio.o(.text.GPIO_Init)
    __arm_cp.0_2                             0x00000344   Number         4  gpio.o(.text.GPIO_Init)
    __arm_cp.0_3                             0x00000348   Number         4  gpio.o(.text.GPIO_Init)
    [Anonymous Symbol]                       0x0000034c   Section        0  main.o(.text.HardFault_Handler)
    __arm_cp.4_0                             0x00000360   Number         4  main.o(.text.HardFault_Handler)
    __arm_cp.4_1                             0x00000364   Number         4  main.o(.text.HardFault_Handler)
    [Anonymous Symbol]                       0x00000368   Section        0  gpio.o(.text.P0_IRQHandler)
    __arm_cp.1_0                             0x00000370   Number         4  gpio.o(.text.P0_IRQHandler)
    [Anonymous Symbol]                       0x00000374   Section        0  gpio.o(.text.P1_IRQHandler)
    __arm_cp.2_0                             0x0000037c   Number         4  gpio.o(.text.P1_IRQHandler)
    [Anonymous Symbol]                       0x00000380   Section        0  gpio.o(.text.P2_IRQHandler)
    __arm_cp.3_0                             0x00000388   Number         4  gpio.o(.text.P2_IRQHandler)
    [Anonymous Symbol]                       0x0000038c   Section        0  gpio.o(.text.P3_IRQHandler)
    __arm_cp.4_0                             0x00000394   Number         4  gpio.o(.text.P3_IRQHandler)
    __arm_cp.4_1                             0x00000398   Number         4  gpio.o(.text.P3_IRQHandler)
    [Anonymous Symbol]                       0x0000039c   Section        0  pfpa.o(.text.PFPA_Init)
    __arm_cp.0_0                             0x000003b4   Number         4  pfpa.o(.text.PFPA_Init)
    __arm_cp.0_1                             0x000003b8   Number         4  pfpa.o(.text.PFPA_Init)
    [Anonymous Symbol]                       0x000003bc   Section        0  system_sn32f400.o(.text.SystemCoreClockUpdate)
    __arm_cp.0_0                             0x00000458   Number         4  system_sn32f400.o(.text.SystemCoreClockUpdate)
    __arm_cp.0_1                             0x0000045c   Number         4  system_sn32f400.o(.text.SystemCoreClockUpdate)
    __arm_cp.0_2                             0x00000460   Number         4  system_sn32f400.o(.text.SystemCoreClockUpdate)
    __arm_cp.0_3                             0x00000464   Number         4  system_sn32f400.o(.text.SystemCoreClockUpdate)
    __arm_cp.0_4                             0x00000468   Number         4  system_sn32f400.o(.text.SystemCoreClockUpdate)
    __arm_cp.0_5                             0x0000046c   Number         4  system_sn32f400.o(.text.SystemCoreClockUpdate)
    __arm_cp.0_8                             0x00000490   Number         4  system_sn32f400.o(.text.SystemCoreClockUpdate)
    __arm_cp.0_9                             0x00000494   Number         4  system_sn32f400.o(.text.SystemCoreClockUpdate)
    [Anonymous Symbol]                       0x00000498   Section        0  system_sn32f400.o(.text.SystemInit)
    __arm_cp.1_0                             0x000004c4   Number         4  system_sn32f400.o(.text.SystemInit)
    [Anonymous Symbol]                       0x000004c8   Section        0  utility.o(.text.UT_DelayNx10us)
    [Anonymous Symbol]                       0x000004e0   Section        0  wdt.o(.text.WDT_IRQHandler)
    [Anonymous Symbol]                       0x000004f4   Section        0  wdt.o(.text.WDT_Init)
    __arm_cp.1_0                             0x00000510   Number         4  wdt.o(.text.WDT_Init)
    __arm_cp.1_1                             0x00000514   Number         4  wdt.o(.text.WDT_Init)
    [Anonymous Symbol]                       0x00000518   Section        0  main.o(.text.main)
    __arm_cp.0_0                             0x00000794   Number         4  main.o(.text.main)
    __arm_cp.0_1                             0x00000798   Number         4  main.o(.text.main)
    __arm_cp.0_2                             0x0000079c   Number         4  main.o(.text.main)
    __arm_cp.0_3                             0x000007a0   Number         4  main.o(.text.main)
    __arm_cp.0_4                             0x000007a4   Number         4  main.o(.text.main)
    __arm_cp.0_5                             0x000007a8   Number         4  main.o(.text.main)
    __arm_cp.0_6                             0x000007ac   Number         4  main.o(.text.main)
    __arm_cp.0_7                             0x000007b0   Number         4  main.o(.text.main)
    __arm_cp.0_8                             0x000007b4   Number         4  main.o(.text.main)
    __arm_cp.0_9                             0x000007b8   Number         4  main.o(.text.main)
    __arm_cp.0_10                            0x000007bc   Number         4  main.o(.text.main)
    __arm_cp.0_11                            0x000007c0   Number         4  main.o(.text.main)
    __arm_cp.0_12                            0x000007c4   Number         4  main.o(.text.main)
    __arm_cp.0_13                            0x000007c8   Number         4  main.o(.text.main)
    __arm_cp.0_14                            0x000007cc   Number         4  main.o(.text.main)
    __arm_cp.0_15                            0x000007d0   Number         4  main.o(.text.main)
    __arm_cp.0_16                            0x000007d4   Number         4  main.o(.text.main)
    [Anonymous Symbol]                       0x000007d8   Section        0  keyscan.o(.text.single_level_detect)
    __arm_cp.1_0                             0x00000814   Number         4  keyscan.o(.text.single_level_detect)
    __arm_cp.1_1                             0x00000818   Number         4  keyscan.o(.text.single_level_detect)
    __arm_cp.1_2                             0x0000081c   Number         4  keyscan.o(.text.single_level_detect)
    .text_divfast                            0x00000820   Section      502  aeabi_sdivfast.o(.text_divfast)
    .ARM.__at_0x00007FFC                     0x00007ffc   Section        4  startup_sn32f400.o(.ARM.__at_0x00007FFC)
    .bss                                     0x20000008   Section       96  libspace.o(.bss)
    Heap_Mem                                 0x20000088   Data           0  startup_sn32f400.o(HEAP)
    Stack_Mem                                0x20000088   Data         512  startup_sn32f400.o(STACK)
    HEAP                                     0x20000088   Section        0  startup_sn32f400.o(HEAP)
    STACK                                    0x20000088   Section      512  startup_sn32f400.o(STACK)
    __initial_sp                             0x20000288   Data           0  startup_sn32f400.o(STACK)

    Global Symbols

    Symbol Name                              Value     Ov Type        Size  Object(Section)

    BuildAttributes$$THM_ISAv3M$S$PE$A:L22$X:L11$S22$IEEE1$IW$~IW$USESV6$~STKCKD$USESV7$~SHL$OTIME$ROPI$EBA8$UX$STANDARDLIB$REQ8$PRES8$EABIv2 0x00000000   Number         0  anon$$obj.o ABSOLUTE
    __Vectors                                0x00000000   Data           4  startup_sn32f400.o(RESET)
    __ARM_exceptions_init                     - Undefined Weak Reference
    __alloca_initialize                       - Undefined Weak Reference
    __arm_preinit_                            - Undefined Weak Reference
    __arm_relocate_pie_                       - Undefined Weak Reference
    __cpp_initialize__aeabi_                  - Undefined Weak Reference
    __cxa_finalize                            - Undefined Weak Reference
    __rt_locale                               - Undefined Weak Reference
    __sigvec_lookup                           - Undefined Weak Reference
    _atexit_init                              - Undefined Weak Reference
    _call_atexit_fns                          - Undefined Weak Reference
    _clock_init                               - Undefined Weak Reference
    _fp_trap_init                             - Undefined Weak Reference
    _fp_trap_shutdown                         - Undefined Weak Reference
    _get_lc_collate                           - Undefined Weak Reference
    _get_lc_ctype                             - Undefined Weak Reference
    _get_lc_monetary                          - Undefined Weak Reference
    _get_lc_numeric                           - Undefined Weak Reference
    _get_lc_time                              - Undefined Weak Reference
    _getenv_init                              - Undefined Weak Reference
    _handle_redirection                       - Undefined Weak Reference
    _init_alloc                               - Undefined Weak Reference
    _init_user_alloc                          - Undefined Weak Reference
    _initio                                   - Undefined Weak Reference
    _rand_init                                - Undefined Weak Reference
    _signal_finish                            - Undefined Weak Reference
    _signal_init                              - Undefined Weak Reference
    _terminate_alloc                          - Undefined Weak Reference
    _terminate_user_alloc                     - Undefined Weak Reference
    _terminateio                              - Undefined Weak Reference
    __main                                   0x000000c1   Thumb Code     8  __main.o(!!!main)
    __scatterload                            0x000000c9   Thumb Code     0  __scatter.o(!!!scatter)
    __scatterload_rt2                        0x000000c9   Thumb Code    74  __scatter.o(!!!scatter)
    __scatterload_rt2_thumb_only             0x000000c9   Thumb Code     0  __scatter.o(!!!scatter)
    __scatterload_loop                       0x000000d3   Thumb Code     0  __scatter.o(!!!scatter)
    __scatterload_copy                       0x0000011d   Thumb Code    26  __scatter_copy.o(!!handler_copy)
    __scatterload_null                       0x00000139   Thumb Code     2  __scatter.o(!!handler_null)
    __scatterload_zeroinit                   0x0000013d   Thumb Code    28  __scatter_zi.o(!!handler_zi)
    __rt_lib_init                            0x00000159   Thumb Code     0  libinit.o(.ARM.Collect$$libinit$$00000000)
    __rt_lib_init_alloca_1                   0x0000015b   Thumb Code     0  libinit2.o(.ARM.Collect$$libinit$$00000030)
    __rt_lib_init_argv_1                     0x0000015b   Thumb Code     0  libinit2.o(.ARM.Collect$$libinit$$0000002E)
    __rt_lib_init_atexit_1                   0x0000015b   Thumb Code     0  libinit2.o(.ARM.Collect$$libinit$$0000001D)
    __rt_lib_init_clock_1                    0x0000015b   Thumb Code     0  libinit2.o(.ARM.Collect$$libinit$$00000023)
    __rt_lib_init_cpp_1                      0x0000015b   Thumb Code     0  libinit2.o(.ARM.Collect$$libinit$$00000034)
    __rt_lib_init_exceptions_1               0x0000015b   Thumb Code     0  libinit2.o(.ARM.Collect$$libinit$$00000032)
    __rt_lib_init_fp_1                       0x0000015b   Thumb Code     0  libinit2.o(.ARM.Collect$$libinit$$00000002)
    __rt_lib_init_fp_trap_1                  0x0000015b   Thumb Code     0  libinit2.o(.ARM.Collect$$libinit$$00000021)
    __rt_lib_init_getenv_1                   0x0000015b   Thumb Code     0  libinit2.o(.ARM.Collect$$libinit$$00000025)
    __rt_lib_init_heap_1                     0x0000015b   Thumb Code     0  libinit2.o(.ARM.Collect$$libinit$$0000000C)
    __rt_lib_init_lc_collate_1               0x0000015b   Thumb Code     0  libinit2.o(.ARM.Collect$$libinit$$00000013)
    __rt_lib_init_lc_ctype_1                 0x0000015b   Thumb Code     0  libinit2.o(.ARM.Collect$$libinit$$00000015)
    __rt_lib_init_lc_monetary_1              0x0000015b   Thumb Code     0  libinit2.o(.ARM.Collect$$libinit$$00000017)
    __rt_lib_init_lc_numeric_1               0x0000015b   Thumb Code     0  libinit2.o(.ARM.Collect$$libinit$$00000019)
    __rt_lib_init_lc_time_1                  0x0000015b   Thumb Code     0  libinit2.o(.ARM.Collect$$libinit$$0000001B)
    __rt_lib_init_preinit_1                  0x0000015b   Thumb Code     0  libinit2.o(.ARM.Collect$$libinit$$00000006)
    __rt_lib_init_rand_1                     0x0000015b   Thumb Code     0  libinit2.o(.ARM.Collect$$libinit$$00000010)
    __rt_lib_init_relocate_pie_1             0x0000015b   Thumb Code     0  libinit2.o(.ARM.Collect$$libinit$$00000004)
    __rt_lib_init_return                     0x0000015b   Thumb Code     0  libinit2.o(.ARM.Collect$$libinit$$00000035)
    __rt_lib_init_signal_1                   0x0000015b   Thumb Code     0  libinit2.o(.ARM.Collect$$libinit$$0000001F)
    __rt_lib_init_stdio_1                    0x0000015b   Thumb Code     0  libinit2.o(.ARM.Collect$$libinit$$00000027)
    __rt_lib_init_user_alloc_1               0x0000015b   Thumb Code     0  libinit2.o(.ARM.Collect$$libinit$$0000000E)
    __rt_lib_shutdown                        0x0000015d   Thumb Code     0  libshutdown.o(.ARM.Collect$$libshutdown$$00000000)
    __rt_lib_shutdown_cpp_1                  0x0000015f   Thumb Code     0  libshutdown2.o(.ARM.Collect$$libshutdown$$00000002)
    __rt_lib_shutdown_fp_trap_1              0x0000015f   Thumb Code     0  libshutdown2.o(.ARM.Collect$$libshutdown$$00000007)
    __rt_lib_shutdown_heap_1                 0x0000015f   Thumb Code     0  libshutdown2.o(.ARM.Collect$$libshutdown$$0000000F)
    __rt_lib_shutdown_return                 0x0000015f   Thumb Code     0  libshutdown2.o(.ARM.Collect$$libshutdown$$00000010)
    __rt_lib_shutdown_signal_1               0x0000015f   Thumb Code     0  libshutdown2.o(.ARM.Collect$$libshutdown$$0000000A)
    __rt_lib_shutdown_stdio_1                0x0000015f   Thumb Code     0  libshutdown2.o(.ARM.Collect$$libshutdown$$00000004)
    __rt_lib_shutdown_user_alloc_1           0x0000015f   Thumb Code     0  libshutdown2.o(.ARM.Collect$$libshutdown$$0000000C)
    __rt_entry                               0x00000161   Thumb Code     0  __rtentry.o(.ARM.Collect$$rtentry$$00000000)
    __rt_entry_presh_1                       0x00000161   Thumb Code     0  __rtentry2.o(.ARM.Collect$$rtentry$$00000002)
    __rt_entry_sh                            0x00000161   Thumb Code     0  __rtentry4.o(.ARM.Collect$$rtentry$$00000004)
    __rt_entry_li                            0x00000167   Thumb Code     0  __rtentry2.o(.ARM.Collect$$rtentry$$0000000A)
    __rt_entry_postsh_1                      0x00000167   Thumb Code     0  __rtentry2.o(.ARM.Collect$$rtentry$$00000009)
    __rt_entry_main                          0x0000016b   Thumb Code     0  __rtentry2.o(.ARM.Collect$$rtentry$$0000000D)
    __rt_entry_postli_1                      0x0000016b   Thumb Code     0  __rtentry2.o(.ARM.Collect$$rtentry$$0000000C)
    __rt_exit                                0x00000173   Thumb Code     0  rtexit.o(.ARM.Collect$$rtexit$$00000000)
    __rt_exit_ls                             0x00000175   Thumb Code     0  rtexit2.o(.ARM.Collect$$rtexit$$00000003)
    __rt_exit_prels_1                        0x00000175   Thumb Code     0  rtexit2.o(.ARM.Collect$$rtexit$$00000002)
    __rt_exit_exit                           0x00000179   Thumb Code     0  rtexit2.o(.ARM.Collect$$rtexit$$00000004)
    Reset_Handler                            0x00000181   Thumb Code     4  startup_sn32f400.o(.text)
    NMI_Handler                              0x00000185   Thumb Code     2  startup_sn32f400.o(.text)
    SVC_Handler                              0x00000189   Thumb Code     2  startup_sn32f400.o(.text)
    PendSV_Handler                           0x0000018b   Thumb Code     2  startup_sn32f400.o(.text)
    SysTick_Handler                          0x0000018d   Thumb Code     2  startup_sn32f400.o(.text)
    ADC_IRQHandler                           0x0000018f   Thumb Code     0  startup_sn32f400.o(.text)
    ATAN_IRQHandler                          0x0000018f   Thumb Code     0  startup_sn32f400.o(.text)
    CMP0_IRQHandler                          0x0000018f   Thumb Code     0  startup_sn32f400.o(.text)
    CMP1_IRQHandler                          0x0000018f   Thumb Code     0  startup_sn32f400.o(.text)
    CMP2_IRQHandler                          0x0000018f   Thumb Code     0  startup_sn32f400.o(.text)
    CMP3_IRQHandler                          0x0000018f   Thumb Code     0  startup_sn32f400.o(.text)
    CT16B0_IRQHandler                        0x0000018f   Thumb Code     0  startup_sn32f400.o(.text)
    CT16B1_IRQHandler                        0x0000018f   Thumb Code     0  startup_sn32f400.o(.text)
    CT16B5_IRQHandler                        0x0000018f   Thumb Code     0  startup_sn32f400.o(.text)
    DIV_IRQHandler                           0x0000018f   Thumb Code     0  startup_sn32f400.o(.text)
    DMA_IRQHandler                           0x0000018f   Thumb Code     0  startup_sn32f400.o(.text)
    FOC_IRQHandler                           0x0000018f   Thumb Code     0  startup_sn32f400.o(.text)
    I2C0_IRQHandler                          0x0000018f   Thumb Code     0  startup_sn32f400.o(.text)
    LVD_IRQHandler                           0x0000018f   Thumb Code     0  startup_sn32f400.o(.text)
    NDT_IRQHandler                           0x0000018f   Thumb Code     0  startup_sn32f400.o(.text)
    RTC_IRQHandler                           0x0000018f   Thumb Code     0  startup_sn32f400.o(.text)
    SPI0_IRQHandler                          0x0000018f   Thumb Code     0  startup_sn32f400.o(.text)
    SQRT_IRQHandler                          0x0000018f   Thumb Code     0  startup_sn32f400.o(.text)
    UART0_IRQHandler                         0x0000018f   Thumb Code     0  startup_sn32f400.o(.text)
    UART1_IRQHandler                         0x0000018f   Thumb Code     0  startup_sn32f400.o(.text)
    __user_initial_stackheap                 0x00000191   Thumb Code     0  startup_sn32f400.o(.text)
    __use_two_region_memory                  0x000001ad   Thumb Code     2  heapauxi.o(.text)
    __rt_heap_escrow$2region                 0x000001af   Thumb Code     2  heapauxi.o(.text)
    __rt_heap_expand$2region                 0x000001b1   Thumb Code     2  heapauxi.o(.text)
    __user_setup_stackheap                   0x000001b3   Thumb Code    62  sys_stackheap_outer.o(.text)
    exit                                     0x000001f1   Thumb Code    16  exit.o(.text)
    __user_libspace                          0x00000201   Thumb Code     8  libspace.o(.text)
    __user_perproc_libspace                  0x00000201   Thumb Code     0  libspace.o(.text)
    __user_perthread_libspace                0x00000201   Thumb Code     0  libspace.o(.text)
    _sys_exit                                0x00000209   Thumb Code     8  sys_exit.o(.text)
    __I$use$semihosting                      0x00000215   Thumb Code     0  use_no_semi.o(.text)
    __use_no_semihosting_swi                 0x00000215   Thumb Code     2  use_no_semi.o(.text)
    __semihosting_library_function           0x00000217   Thumb Code     0  indicate_semi.o(.text)
    Digital_DisplayDEC                       0x00000219   Thumb Code   124  segment.o(.text.Digital_DisplayDEC)
    Digital_Scan                             0x000002b1   Thumb Code    52  segment.o(.text.Digital_Scan)
    GPIO_Init                                0x00000305   Thumb Code    56  gpio.o(.text.GPIO_Init)
    HardFault_Handler                        0x0000034d   Thumb Code    20  main.o(.text.HardFault_Handler)
    P0_IRQHandler                            0x00000369   Thumb Code     8  gpio.o(.text.P0_IRQHandler)
    P1_IRQHandler                            0x00000375   Thumb Code     8  gpio.o(.text.P1_IRQHandler)
    P2_IRQHandler                            0x00000381   Thumb Code     8  gpio.o(.text.P2_IRQHandler)
    P3_IRQHandler                            0x0000038d   Thumb Code     8  gpio.o(.text.P3_IRQHandler)
    PFPA_Init                                0x0000039d   Thumb Code    24  pfpa.o(.text.PFPA_Init)
    SystemCoreClockUpdate                    0x000003bd   Thumb Code   156  system_sn32f400.o(.text.SystemCoreClockUpdate)
    SystemInit                               0x00000499   Thumb Code    44  system_sn32f400.o(.text.SystemInit)
    UT_DelayNx10us                           0x000004c9   Thumb Code    22  utility.o(.text.UT_DelayNx10us)
    WDT_IRQHandler                           0x000004e1   Thumb Code    20  wdt.o(.text.WDT_IRQHandler)
    WDT_Init                                 0x000004f5   Thumb Code    28  wdt.o(.text.WDT_Init)
    main                                     0x00000519   Thumb Code   636  main.o(.text.main)
    single_level_detect                      0x000007d9   Thumb Code    60  keyscan.o(.text.single_level_detect)
    __aeabi_uidiv                            0x00000821   Thumb Code    68  aeabi_sdivfast.o(.text_divfast)
    __aeabi_idiv                             0x00000865   Thumb Code   434  aeabi_sdivfast.o(.text_divfast)
    SEGMENT_TABLE                            0x00000a16   Data          17  segment.o(.rodata.SEGMENT_TABLE)
    Region$$Table$$Base                      0x00000a28   Number         0  anon$$obj.o(Region$$Table)
    Region$$Table$$Limit                     0x00000a48   Number         0  anon$$obj.o(Region$$Table)
    blink_flag                               0x20000000   Data           1  main.o(.data.blink_flag)
    key_check                                0x20000001   Data           1  keyscan.o(.data.key_check)
    __libspace_start                         0x20000008   Data          96  libspace.o(.bss)
    SystemCoreClock                          0x20000068   Data           4  system_sn32f400.o(.bss.SystemCoreClock)
    __temporary_stack_top$libspace           0x20000068   Data           0  libspace.o(.bss)
    alarm_hour                               0x2000006c   Data           1  main.o(.bss.alarm_hour)
    alarm_minute                             0x2000006d   Data           1  main.o(.bss.alarm_minute)
    alarm_ring_timer                         0x2000006e   Data           2  main.o(.bss.alarm_ring_timer)
    buzzer_beep_timer                        0x20000070   Data           2  main.o(.bss.buzzer_beep_timer)
    com_scan                                 0x20000072   Data           1  segment.o(.bss.com_scan)
    currentState                             0x20000073   Data           1  main.o(.bss.currentState)
    hour                                     0x20000074   Data           1  main.o(.bss.hour)
    key_debounce                             0x20000075   Data           1  keyscan.o(.bss.key_debounce)
    minute                                   0x20000076   Data           1  main.o(.bss.minute)
    ms_tick                                  0x20000078   Data           2  main.o(.bss.ms_tick)
    read_key                                 0x2000007a   Data           2  main.o(.bss.read_key)
    second                                   0x2000007c   Data           1  main.o(.bss.second)
    segment_buff                             0x20000080   Data           4  segment.o(.bss.segment_buff)
    timeout_counter                          0x20000084   Data           2  main.o(.bss.timeout_counter)



==============================================================================

Memory Map of the image

  Image Entry point : 0x000000c1

  Load Region LR_IROM1 (Base: 0x00000000, Size: 0x00000a50, Max: 0x00007ffc, ABSOLUTE)

    Execution Region ER_IROM1 (Exec base: 0x00000000, Load base: 0x00000000, Size: 0x00000a48, Max: 0x00007ffc, ABSOLUTE)

    Exec Addr    Load Addr    Size         Type   Attr      Idx    E Section Name        Object

    0x00000000   0x00000000   0x000000c0   Data   RO          121    RESET               startup_sn32f400.o
    0x000000c0   0x000000c0   0x00000008   Code   RO          156  * !!!main             c_p.l(__main.o)
    0x000000c8   0x000000c8   0x00000054   Code   RO          333    !!!scatter          c_p.l(__scatter.o)
    0x0000011c   0x0000011c   0x0000001a   Code   RO          337    !!handler_copy      c_p.l(__scatter_copy.o)
    0x00000136   0x00000136   0x00000002   PAD
    0x00000138   0x00000138   0x00000002   Code   RO          334    !!handler_null      c_p.l(__scatter.o)
    0x0000013a   0x0000013a   0x00000002   PAD
    0x0000013c   0x0000013c   0x0000001c   Code   RO          339    !!handler_zi        c_p.l(__scatter_zi.o)
    0x00000158   0x00000158   0x00000002   Code   RO          194    .ARM.Collect$$libinit$$00000000  c_p.l(libinit.o)
    0x0000015a   0x0000015a   0x00000000   Code   RO          208    .ARM.Collect$$libinit$$00000002  c_p.l(libinit2.o)
    0x0000015a   0x0000015a   0x00000000   Code   RO          210    .ARM.Collect$$libinit$$00000004  c_p.l(libinit2.o)
    0x0000015a   0x0000015a   0x00000000   Code   RO          212    .ARM.Collect$$libinit$$00000006  c_p.l(libinit2.o)
    0x0000015a   0x0000015a   0x00000000   Code   RO          215    .ARM.Collect$$libinit$$0000000C  c_p.l(libinit2.o)
    0x0000015a   0x0000015a   0x00000000   Code   RO          217    .ARM.Collect$$libinit$$0000000E  c_p.l(libinit2.o)
    0x0000015a   0x0000015a   0x00000000   Code   RO          219    .ARM.Collect$$libinit$$00000010  c_p.l(libinit2.o)
    0x0000015a   0x0000015a   0x00000000   Code   RO          222    .ARM.Collect$$libinit$$00000013  c_p.l(libinit2.o)
    0x0000015a   0x0000015a   0x00000000   Code   RO          224    .ARM.Collect$$libinit$$00000015  c_p.l(libinit2.o)
    0x0000015a   0x0000015a   0x00000000   Code   RO          226    .ARM.Collect$$libinit$$00000017  c_p.l(libinit2.o)
    0x0000015a   0x0000015a   0x00000000   Code   RO          228    .ARM.Collect$$libinit$$00000019  c_p.l(libinit2.o)
    0x0000015a   0x0000015a   0x00000000   Code   RO          230    .ARM.Collect$$libinit$$0000001B  c_p.l(libinit2.o)
    0x0000015a   0x0000015a   0x00000000   Code   RO          232    .ARM.Collect$$libinit$$0000001D  c_p.l(libinit2.o)
    0x0000015a   0x0000015a   0x00000000   Code   RO          234    .ARM.Collect$$libinit$$0000001F  c_p.l(libinit2.o)
    0x0000015a   0x0000015a   0x00000000   Code   RO          236    .ARM.Collect$$libinit$$00000021  c_p.l(libinit2.o)
    0x0000015a   0x0000015a   0x00000000   Code   RO          238    .ARM.Collect$$libinit$$00000023  c_p.l(libinit2.o)
    0x0000015a   0x0000015a   0x00000000   Code   RO          240    .ARM.Collect$$libinit$$00000025  c_p.l(libinit2.o)
    0x0000015a   0x0000015a   0x00000000   Code   RO          242    .ARM.Collect$$libinit$$00000027  c_p.l(libinit2.o)
    0x0000015a   0x0000015a   0x00000000   Code   RO          246    .ARM.Collect$$libinit$$0000002E  c_p.l(libinit2.o)
    0x0000015a   0x0000015a   0x00000000   Code   RO          248    .ARM.Collect$$libinit$$00000030  c_p.l(libinit2.o)
    0x0000015a   0x0000015a   0x00000000   Code   RO          250    .ARM.Collect$$libinit$$00000032  c_p.l(libinit2.o)
    0x0000015a   0x0000015a   0x00000000   Code   RO          252    .ARM.Collect$$libinit$$00000034  c_p.l(libinit2.o)
    0x0000015a   0x0000015a   0x00000002   Code   RO          253    .ARM.Collect$$libinit$$00000035  c_p.l(libinit2.o)
    0x0000015c   0x0000015c   0x00000002   Code   RO          288    .ARM.Collect$$libshutdown$$00000000  c_p.l(libshutdown.o)
    0x0000015e   0x0000015e   0x00000000   Code   RO          316    .ARM.Collect$$libshutdown$$00000002  c_p.l(libshutdown2.o)
    0x0000015e   0x0000015e   0x00000000   Code   RO          318    .ARM.Collect$$libshutdown$$00000004  c_p.l(libshutdown2.o)
    0x0000015e   0x0000015e   0x00000000   Code   RO          321    .ARM.Collect$$libshutdown$$00000007  c_p.l(libshutdown2.o)
    0x0000015e   0x0000015e   0x00000000   Code   RO          324    .ARM.Collect$$libshutdown$$0000000A  c_p.l(libshutdown2.o)
    0x0000015e   0x0000015e   0x00000000   Code   RO          326    .ARM.Collect$$libshutdown$$0000000C  c_p.l(libshutdown2.o)
    0x0000015e   0x0000015e   0x00000000   Code   RO          329    .ARM.Collect$$libshutdown$$0000000F  c_p.l(libshutdown2.o)
    0x0000015e   0x0000015e   0x00000002   Code   RO          330    .ARM.Collect$$libshutdown$$00000010  c_p.l(libshutdown2.o)
    0x00000160   0x00000160   0x00000000   Code   RO          158    .ARM.Collect$$rtentry$$00000000  c_p.l(__rtentry.o)
    0x00000160   0x00000160   0x00000000   Code   RO          164    .ARM.Collect$$rtentry$$00000002  c_p.l(__rtentry2.o)
    0x00000160   0x00000160   0x00000006   Code   RO          176    .ARM.Collect$$rtentry$$00000004  c_p.l(__rtentry4.o)
    0x00000166   0x00000166   0x00000000   Code   RO          166    .ARM.Collect$$rtentry$$00000009  c_p.l(__rtentry2.o)
    0x00000166   0x00000166   0x00000004   Code   RO          167    .ARM.Collect$$rtentry$$0000000A  c_p.l(__rtentry2.o)
    0x0000016a   0x0000016a   0x00000000   Code   RO          169    .ARM.Collect$$rtentry$$0000000C  c_p.l(__rtentry2.o)
    0x0000016a   0x0000016a   0x00000008   Code   RO          170    .ARM.Collect$$rtentry$$0000000D  c_p.l(__rtentry2.o)
    0x00000172   0x00000172   0x00000002   Code   RO          199    .ARM.Collect$$rtexit$$00000000  c_p.l(rtexit.o)
    0x00000174   0x00000174   0x00000000   Code   RO          259    .ARM.Collect$$rtexit$$00000002  c_p.l(rtexit2.o)
    0x00000174   0x00000174   0x00000004   Code   RO          260    .ARM.Collect$$rtexit$$00000003  c_p.l(rtexit2.o)
    0x00000178   0x00000178   0x00000006   Code   RO          261    .ARM.Collect$$rtexit$$00000004  c_p.l(rtexit2.o)
    0x0000017e   0x0000017e   0x00000002   PAD
    0x00000180   0x00000180   0x0000002c   Code   RO          123    .text               startup_sn32f400.o
    0x000001ac   0x000001ac   0x00000006   Code   RO          154    .text               c_p.l(heapauxi.o)
    0x000001b2   0x000001b2   0x0000003e   Code   RO          180    .text               c_p.l(sys_stackheap_outer.o)
    0x000001f0   0x000001f0   0x00000010   Code   RO          183    .text               c_p.l(exit.o)
    0x00000200   0x00000200   0x00000008   Code   RO          195    .text               c_p.l(libspace.o)
    0x00000208   0x00000208   0x0000000c   Code   RO          254    .text               c_p.l(sys_exit.o)
    0x00000214   0x00000214   0x00000002   Code   RO          277    .text               c_p.l(use_no_semi.o)
    0x00000216   0x00000216   0x00000000   Code   RO          279    .text               c_p.l(indicate_semi.o)
    0x00000216   0x00000216   0x00000002   PAD
    0x00000218   0x00000218   0x00000098   Code   RO          103    .text.Digital_DisplayDEC  segment.o
    0x000002b0   0x000002b0   0x00000054   Code   RO          107    .text.Digital_Scan  segment.o
    0x00000304   0x00000304   0x00000048   Code   RO           41    .text.GPIO_Init     gpio.o
    0x0000034c   0x0000034c   0x0000001c   Code   RO           10    .text.HardFault_Handler  main.o
    0x00000368   0x00000368   0x0000000c   Code   RO           43    .text.P0_IRQHandler  gpio.o
    0x00000374   0x00000374   0x0000000c   Code   RO           45    .text.P1_IRQHandler  gpio.o
    0x00000380   0x00000380   0x0000000c   Code   RO           47    .text.P2_IRQHandler  gpio.o
    0x0000038c   0x0000038c   0x00000010   Code   RO           49    .text.P3_IRQHandler  gpio.o
    0x0000039c   0x0000039c   0x00000020   Code   RO           33    .text.PFPA_Init     pfpa.o
    0x000003bc   0x000003bc   0x000000dc   Code   RO          132    .text.SystemCoreClockUpdate  system_sn32f400.o
    0x00000498   0x00000498   0x00000030   Code   RO          134    .text.SystemInit    system_sn32f400.o
    0x000004c8   0x000004c8   0x00000016   Code   RO           76    .text.UT_DelayNx10us  utility.o
    0x000004de   0x000004de   0x00000002   PAD
    0x000004e0   0x000004e0   0x00000014   Code   RO           58    .text.WDT_IRQHandler  wdt.o
    0x000004f4   0x000004f4   0x00000024   Code   RO           60    .text.WDT_Init      wdt.o
    0x00000518   0x00000518   0x000002c0   Code   RO            2    .text.main          main.o
    0x000007d8   0x000007d8   0x00000048   Code   RO           90    .text.single_level_detect  keyscan.o
    0x00000820   0x00000820   0x000001f6   Code   RO          147    .text_divfast       c_p.l(aeabi_sdivfast.o)
    0x00000a16   0x00000a16   0x00000011   Data   RO          109    .rodata.SEGMENT_TABLE  segment.o
    0x00000a27   0x00000a27   0x00000001   PAD
    0x00000a28   0x00000a28   0x00000020   Data   RO          332    Region$$Table       anon$$obj.o


    Execution Region RW_IRAM1 (Exec base: 0x20000000, Load base: 0x00000a48, Size: 0x00000288, Max: 0x00002000, ABSOLUTE)

    Exec Addr    Load Addr    Size         Type   Attr      Idx    E Section Name        Object

    0x20000000   0x00000a48   0x00000001   Data   RW           22    .data.blink_flag    main.o
    0x20000001   0x00000a49   0x00000001   Data   RW           92    .data.key_check     keyscan.o
    0x20000002   0x00000a4a   0x00000006   PAD
    0x20000008        -       0x00000060   Zero   RW          196    .bss                c_p.l(libspace.o)
    0x20000068        -       0x00000004   Zero   RW          136    .bss.SystemCoreClock  system_sn32f400.o
    0x2000006c        -       0x00000001   Zero   RW           16    .bss.alarm_hour     main.o
    0x2000006d        -       0x00000001   Zero   RW           17    .bss.alarm_minute   main.o
    0x2000006e        -       0x00000002   Zero   RW           21    .bss.alarm_ring_timer  main.o
    0x20000070        -       0x00000002   Zero   RW           20    .bss.buzzer_beep_timer  main.o
    0x20000072        -       0x00000001   Zero   RW          110    .bss.com_scan       segment.o
    0x20000073        -       0x00000001   Zero   RW           12    .bss.currentState   main.o
    0x20000074        -       0x00000001   Zero   RW           13    .bss.hour           main.o
    0x20000075        -       0x00000001   Zero   RW           94    .bss.key_debounce   keyscan.o
    0x20000076        -       0x00000001   Zero   RW           14    .bss.minute         main.o
    0x20000077   0x00000a4a   0x00000001   PAD
    0x20000078        -       0x00000002   Zero   RW           18    .bss.ms_tick        main.o
    0x2000007a        -       0x00000002   Zero   RW           23    .bss.read_key       main.o
    0x2000007c        -       0x00000001   Zero   RW           15    .bss.second         main.o
    0x2000007d   0x00000a4a   0x00000003   PAD
    0x20000080        -       0x00000004   Zero   RW          111    .bss.segment_buff   segment.o
    0x20000084        -       0x00000002   Zero   RW           19    .bss.timeout_counter  main.o
    0x20000086   0x00000a4a   0x00000002   PAD
    0x20000088        -       0x00000000   Zero   RW          120    HEAP                startup_sn32f400.o
    0x20000088        -       0x00000200   Zero   RW          119    STACK               startup_sn32f400.o



  Load Region LR$$.ARM.__at_0x00007FFC (Base: 0x00007ffc, Size: 0x00000004, Max: 0x00000004, ABSOLUTE)

    Execution Region ER$$.ARM.__at_0x00007FFC (Exec base: 0x00007ffc, Load base: 0x00007ffc, Size: 0x00000004, Max: 0x00000004, ABSOLUTE, UNINIT)

    Exec Addr    Load Addr    Size         Type   Attr      Idx    E Section Name        Object

    0x00007ffc   0x00007ffc   0x00000004   Code   RO          122    .ARM.__at_0x00007FFC  startup_sn32f400.o


==============================================================================

Image component sizes


      Code (inc. data)   RO Data    RW Data    ZI Data      Debug   Object Name

       124         36          0          0          0      11318   gpio.o
        72         12          0          1          1       7271   keyscan.o
       732         86          0          1         16       5060   main.o
        32          8          0          0          0       2029   pfpa.o
       236         60         17          0          5       7204   segment.o
        48         22        192          0        512        900   startup_sn32f400.o
       268         74          0          0          4       3694   system_sn32f400.o
        22          0          0          0          0       1560   utility.o
        56          8          0          0          0       3360   wdt.o

    ----------------------------------------------------------------------
      1592        306        242          4        548      42396   Object Totals
         0          0         32          0          0          0   (incl. Generated)
         2          0          1          2         10          0   (incl. Padding)

    ----------------------------------------------------------------------

      Code (inc. data)   RO Data    RW Data    ZI Data      Debug   Library Member Name

         8          0          0          0          0         68   __main.o
         0          0          0          0          0          0   __rtentry.o
        12          0          0          0          0          0   __rtentry2.o
         6          0          0          0          0          0   __rtentry4.o
        86         10          0          0          0          0   __scatter.o
        26          0          0          0          0          0   __scatter_copy.o
        28          0          0          0          0          0   __scatter_zi.o
       502          0          0          0          0         92   aeabi_sdivfast.o
        16          0          0          0          0         68   exit.o
         6          0          0          0          0        136   heapauxi.o
         0          0          0          0          0          0   indicate_semi.o
         2          0          0          0          0          0   libinit.o
         2          0          0          0          0          0   libinit2.o
         2          0          0          0          0          0   libshutdown.o
         2          0          0          0          0          0   libshutdown2.o
         8          4          0          0         96         68   libspace.o
         2          0          0          0          0          0   rtexit.o
        10          0          0          0          0          0   rtexit2.o
        12          4          0          0          0         60   sys_exit.o
        62          0          0          0          0         80   sys_stackheap_outer.o
         2          0          0          0          0         68   use_no_semi.o

    ----------------------------------------------------------------------
       802         18          0          0         96        640   Library Totals
         8          0          0          0          0          0   (incl. Padding)

    ----------------------------------------------------------------------

      Code (inc. data)   RO Data    RW Data    ZI Data      Debug   Library Name

       794         18          0          0         96        640   c_p.l

    ----------------------------------------------------------------------
       802         18          0          0         96        640   Library Totals

    ----------------------------------------------------------------------

==============================================================================


      Code (inc. data)   RO Data    RW Data    ZI Data      Debug   

      2394        324        242          4        644      42820   Grand Totals
      2394        324        242          4        644      42820   ELF Image Totals
      2394        324        242          4          0          0   ROM Totals

==============================================================================

    Total RO  Size (Code + RO Data)                 2636 (   2.57kB)
    Total RW  Size (RW Data + ZI Data)               648 (   0.63kB)
    Total ROM Size (Code + RO Data + RW Data)       2640 (   2.58kB)

==============================================================================

